##Block_i:	Start_pos	block_length	num_phased_SNV		block_quality 
 
Quality report for chromosome 22:
 
0:	16052419	625950	1455	0.92092
1:	16847870	1864218	3826	0.98195
2:	18712732	1795452	3667	0.99669
3:	20610824	29753274	32038	0.99287
4:	50415657	828525	1121	1.0
